# LLM TEST REPORTER - DETAILED MODE

## TEST FAILURE #1
SUITE: Async Operations
TEST: Async Operations > should complete within timeout
FILE: /src/async.test.ts:15
TYPE: Timeout

CODE CONTEXT:
  13 |     it('should complete within timeout', async () => {
  14 |       const result = await slowOperation();
> 15 |       expect(result).toBe('done');
     |       ^
  16 |     }, 1000);
  17 |   });

FAILURE REASON: Test execution exceeded configured timeout
FIX HINT: Increase test timeout or optimize async operations

---
## SUMMARY
- TOTAL TESTS: 5 (4 passed, 1 failed)
- FAILURE RATE: 20.00%
- DURATION: 1.05s
- EXIT CODE: 1