# LLM TEST REPORTER - SUMMARY MODE

---
## SUMMARY
- PASSED SUITES: 5
- FAILED SUITES: 0
- TOTAL TESTS: 42 (42 passed, 0 failed)
- DURATION: 2.15s
- EXIT CODE: 0